<html><head><script src="path/to/some/file.js">0</script>

<script>1</script>

</head><body><div>Should be untouched</div>

<script>2</script>
</body></html>